---
source: crates/rolldown/tests/common/case.rs
expression: content
input_file: crates/rolldown/tests/esbuild/lower/ts_lower_private_field_and_method_avoid_name_collision2015
---
# Assets

## entry_ts.mjs

```js

//#region entry.ts
class WeakMap {
	#x;

}
class WeakSet {
	#y(){
	}
}

//#endregion
export { WeakMap, WeakSet };
```
