---
source: crates/rolldown_testing/src/case/case.rs
expression: content
input_file: crates/rolldown/tests/esbuild/bundler_ts/ts_minify_nested_enum_no_arrow
---
# Assets

## a_ts.mjs

```js

```
## b_ts.mjs

```js

//#region b.ts
function foo() {
	let Foo = function(Foo$1) {
		Foo$1[Foo$1['X'] = 0] = 'X';
		Foo$1[Foo$1['Y'] = 1] = 'Y';
		Foo$1[Foo$1['Z'] = Foo$1] = 'Z';
		return Foo$1;
	}({});
	return Foo;
}

//#endregion
export { foo };
```
