---
source: crates/rolldown_testing/src/case/case.rs
expression: content
input_file: crates/rolldown/tests/esbuild/bundler_ts/ts_import_equals_elimination_test
---
# Assets

## entry_ts.mjs

```js

//#region entry.ts
var a = foo.a;
var b = a.b;
var c = b.c;
var x = foo.x;
var y = x.y;
var z = y.z;
let bar = c;

//#endregion
export { bar };
```
